3:50 PM 6/19/2018

jdk-10.0.1_windows-x64_bin.exe

C:\Program Files\Java\jdk-10.0.1\
C:\LocalApps\Java\jdk-10.0.1\

C:\LocalApps\Java\jdk-10.0.1\
C:\LocalApps\Java\jre-10.0.1\

https://docs.oracle.com/javase/10/docs/api/overview-summary.html

https://docs.oracle.com/javase/8/docs/


XPS 15 9560 Signature Edition
Device name:  LAPTOP-H2R4EKMU
Edition: Windows 10 Home
Version: 1709
OS Build: 16299.431

C:\Users\David Holberton\g2projects>
C:\Users\David Holberton\g2projects>echo %JAVA_HOME%
C:\LocalApps\Java\jdk-10.0.1

C:\Users\David Holberton\g2projects>java -version
java version "10.0.1" 2018-04-17
Java(TM) SE Runtime Environment 18.3 (build 10.0.1+10)
Java HotSpot(TM) 64-Bit Server VM 18.3 (build 10.0.1+10, mixed mode)

C:\Users\David Holberton\g2projects>javac -version
javac 10.0.1

C:\Users\David Holberton\g2projects>grails --version
Java HotSpot(TM) 64-Bit Server VM warning: Ignoring option PermSize; support was removed in 8.0
Java HotSpot(TM) 64-Bit Server VM warning: Ignoring option MaxPermSize; support was removed in 8.0
WARNING: An illegal reflective access operation has occurred
WARNING: Illegal reflective access by org.codehaus.groovy.reflection.CachedClass$3$1 (file:/C:/LocalApps/grails-2.5.4/lib/org.codehaus.groovy/groovy-all/jars/groovy-all-2.4.4.jar) to method java.lang.Object.finalize()
WARNING: Please consider reporting this to the maintainers of org.codehaus.groovy.reflection.CachedClass$3$1
WARNING: Use --illegal-access=warn to enable warnings of further illegal reflective access operations
WARNING: All illegal access operations will be denied in a future release
Grails version: 2.5.4

C:\Users\David Holberton\g2projects>
C:\Users\David Holberton\g2projects>dir /o:gn
 Volume in drive C has no label.
 Volume Serial Number is 4603-A8D3

 Directory of C:\Users\David Holberton\g2projects

03/15/2018  10:31 AM    <DIR>          .
03/15/2018  10:31 AM    <DIR>          ..
03/15/2018  10:23 AM    <DIR>          my-254-8162-app
03/15/2018  10:31 AM    <DIR>          my-254-904-app
               0 File(s)              0 bytes
               4 Dir(s)  374,767,333,376 bytes free

C:\Users\David Holberton\g2projects>
C:\Users\David Holberton\g2projects>grails create-app my-254-1001-app
Java HotSpot(TM) 64-Bit Server VM warning: Ignoring option PermSize; support was removed in 8.0
Java HotSpot(TM) 64-Bit Server VM warning: Ignoring option MaxPermSize; support was removed in 8.0
WARNING: An illegal reflective access operation has occurred
WARNING: Illegal reflective access by org.codehaus.groovy.reflection.CachedClass$3$1 (file:/C:/LocalApps/grails-2.5.4/lib/org.codehaus.groovy/groovy-all/jars/groovy-all-2.4.4.jar) to method java.lang.Object.finalize()
WARNING: Please consider reporting this to the maintainers of org.codehaus.groovy.reflection.CachedClass$3$1
WARNING: Use --illegal-access=warn to enable warnings of further illegal reflective access operations
| Created Grails Application at C:\Users\David Holberton\g2projects\my-254-1001-app

C:\Users\David Holberton\g2projects>
C:\Users\David Holberton\g2projects>dir /o:gn
 Volume in drive C has no label.
 Volume Serial Number is 4603-A8D3

 Directory of C:\Users\David Holberton\g2projects

06/19/2018  04:29 PM    <DIR>          .
06/19/2018  04:29 PM    <DIR>          ..
06/19/2018  04:29 PM    <DIR>          my-254-1001-app
03/15/2018  10:23 AM    <DIR>          my-254-8162-app
03/15/2018  10:31 AM    <DIR>          my-254-904-app
               0 File(s)              0 bytes
               5 Dir(s)  374,768,046,080 bytes free

C:\Users\David Holberton\g2projects>cd my-254-1001-app

C:\Users\David Holberton\g2projects\my-254-1001-app>grails run-app



        at org.codehaus.groovy.grails.cli.support.GrailsStarter.rootLoader(GrailsStarter.java:236)
        at org.codehaus.groovy.grails.cli.support.GrailsStarter.main(GrailsStarter.java:264)

Jun 19, 2018 4:31:41 PM org.springsource.loaded.agent.SpringLoadedPreProcessor preProcess
SEVERE: Unexpected problem transforming call sites
java.lang.IllegalArgumentException
        at sl.org.objectweb.asm.ClassReader.<init>(Unknown Source)
        at sl.org.objectweb.asm.ClassReader.<init>(Unknown Source)
        at org.springsource.loaded.MethodInvokerRewriter.rewrite(MethodInvokerRewriter.java:344)
        at org.springsource.loaded.MethodInvokerRewriter.rewrite(MethodInvokerRewriter.java:99)
        at org.springsource.loaded.TypeRegistry.methodCallRewriteUseCacheIfAvailable(TypeRegistry.java:997)
        at org.springsource.loaded.agent.SpringLoadedPreProcessor.preProcess(SpringLoadedPreProcessor.java:357)
        at org.springsource.loaded.agent.ClassPreProcessorAgentAdapter.transform(ClassPreProcessorAgentAdapter.java:107)
        at java.instrument/java.lang.instrument.ClassFileTransformer.transform(ClassFileTransformer.java:246)
        at java.instrument/sun.instrument.TransformerManager.transform(TransformerManager.java:188)
        at java.instrument/sun.instrument.InstrumentationImpl.transform(InstrumentationImpl.java:560)
        at java.base/java.lang.ClassLoader.defineClass2(Native Method)
        at java.base/java.lang.ClassLoader.defineClass(ClassLoader.java:1101)
        at java.base/java.security.SecureClassLoader.defineClass(SecureClassLoader.java:206)
        at java.base/jdk.internal.loader.BuiltinClassLoader.defineClass(BuiltinClassLoader.java:760)
        at java.base/jdk.internal.loader.BuiltinClassLoader.findClassInModuleOrNull(BuiltinClassLoader.java:681)
        at java.base/jdk.internal.loader.BuiltinClassLoader.loadClassOrNull(BuiltinClassLoader.java:606)
        at java.base/jdk.internal.loader.BuiltinClassLoader.loadClass(BuiltinClassLoader.java:580)
        at java.base/java.lang.ClassLoader.loadClass(ClassLoader.java:499)
        at jdk.charsets/sun.nio.cs.ext.ExtendedCharsets.getProperty(ExtendedCharsets.java:1189)
        at jdk.charsets/sun.nio.cs.ext.ExtendedCharsets.init(ExtendedCharsets.java:1063)
        at jdk.charsets/sun.nio.cs.ext.AbstractCharsetProvider.charsetForName(AbstractCharsetProvider.java:166)
        at java.base/java.nio.charset.Charset.lookupExtendedCharset(Charset.java:446)
        at java.base/java.nio.charset.Charset.lookup2(Charset.java:474)
        at java.base/java.nio.charset.Charset.lookup(Charset.java:462)
        at java.base/java.nio.charset.Charset.isSupported(Charset.java:503)
        at jline.WindowsTerminal.getOutputEncoding(WindowsTerminal.java:189)
        at jline.console.ConsoleReader.<init>(ConsoleReader.java:230)
        at jline.console.ConsoleReader.<init>(ConsoleReader.java:221)
        at jline.console.ConsoleReader.<init>(ConsoleReader.java:213)
        at grails.build.logging.GrailsConsole.createConsoleReader(GrailsConsole.java:199)
        at grails.build.logging.GrailsConsole.<init>(GrailsConsole.java:152)
        at grails.build.logging.GrailsConsole.createInstance(GrailsConsole.java:321)
        at grails.build.logging.GrailsConsole.getInstance(GrailsConsole.java:251)
        at org.codehaus.groovy.grails.cli.GrailsScriptRunner.main(GrailsScriptRunner.java:129)
        at java.base/jdk.internal.reflect.NativeMethodAccessorImpl.invoke0(Native Method)
        at java.base/jdk.internal.reflect.NativeMethodAccessorImpl.invoke(NativeMethodAccessorImpl.java:62)
        at java.base/jdk.internal.reflect.DelegatingMethodAccessorImpl.invoke(DelegatingMethodAccessorImpl.java:43)
        at java.base/java.lang.reflect.Method.invoke(Method.java:564)
        at org.springsource.loaded.ri.ReflectiveInterceptor.jlrMethodInvoke(ReflectiveInterceptor.java:1426)
        at org.codehaus.groovy.grails.cli.support.GrailsStarter.rootLoader(GrailsStarter.java:236)
        at org.codehaus.groovy.grails.cli.support.GrailsStarter.main(GrailsStarter.java:264)
        at java.base/jdk.internal.reflect.NativeMethodAccessorImpl.invoke0(Native Method)
        at java.base/jdk.internal.reflect.NativeMethodAccessorImpl.invoke(NativeMethodAccessorImpl.java:62)
        at java.base/jdk.internal.reflect.DelegatingMethodAccessorImpl.invoke(DelegatingMethodAccessorImpl.java:43)
        at java.base/java.lang.reflect.Method.invoke(Method.java:564)
        at org.springsource.loaded.ri.ReflectiveInterceptor.jlrMethodInvoke(ReflectiveInterceptor.java:1426)
        at org.codehaus.groovy.grails.cli.support.GrailsStarter.rootLoader(GrailsStarter.java:236)
        at org.codehaus.groovy.grails.cli.support.GrailsStarter.main(GrailsStarter.java:264)
| Loading Grails 2.5.4
| Error Error executing script RunApp: java.lang.NoClassDefFoundError: org/springsource/loaded/TypeRegistry (Use --stacktrace to see the full trace)

C:\Users\David Holberton\g2projects\my-254-1001-app>

https://www.sublimetext.com/3

https://www.jetbrains.com/idea/download/#section=windows

https://www.eclipse.org/downloads/eclipse-packages/


c:\LocalApps>dir /o:gd
 Volume in drive C has no label.
 Volume Serial Number is 4603-A8D3

 Directory of c:\LocalApps

03/09/2015  09:46 PM    <DIR>          ggts-bundle
03/03/2016  10:17 AM    <DIR>          grails-2.5.4
03/14/2017  02:01 PM    <DIR>          eclipse-jee-neon-3-win32-x86_64
03/23/2017  08:49 AM    <DIR>          grails-2.5.6
06/08/2017  03:35 PM    <DIR>          glassfish-4.1.1
06/08/2017  03:36 PM    <DIR>          Apache_Tomcat_8.0.27
06/08/2017  03:37 PM    <DIR>          NetBeans_8.2
10/09/2017  05:38 PM    <DIR>          7-Zip
03/07/2018  08:32 PM    <DIR>          grails-3.3.3
04/05/2018  11:16 AM    <DIR>          eclipse-jee-oxygen-3a-win32-x86_64
04/27/2018  08:34 PM    <DIR>          apache-tomcat-9.0.8
04/27/2018  09:26 PM    <DIR>          apache-tomcat-8.5.31
05/12/2018  02:41 PM    <DIR>          nodejs
06/15/2018  06:19 PM    <DIR>          grails-3.3.6
06/19/2018  03:56 PM    <DIR>          Java
06/19/2018  05:43 PM    <DIR>          ideaIU-2018.1.5.win
06/19/2018  05:44 PM    <DIR>          sublimetext3
06/19/2018  06:09 PM    <DIR>          ..
06/19/2018  06:09 PM    <DIR>          .
06/19/2018  05:55 PM       350,098,461 eclipse-jee-oxygen-3a-win32-x86_64.zip
               1 File(s)    350,098,461 bytes
              19 Dir(s)  368,963,670,016 bytes free

c:\LocalApps>dir /o:gd Java
 Volume in drive C has no label.
 Volume Serial Number is 4603-A8D3

 Directory of c:\LocalApps\Java

03/15/2018  09:38 AM    <DIR>          jre1.8.0_144
03/15/2018  09:38 AM    <DIR>          jdk1.8.0_144
03/15/2018  09:42 AM    <DIR>          jre1.8.0_162
03/15/2018  09:47 AM    <DIR>          jre-9.0.4
03/15/2018  09:52 AM    <DIR>          jre1.8.0_131
03/15/2018  09:52 AM    <DIR>          jdk1.8.0_131
03/15/2018  09:53 AM    <DIR>          jdk1.8.0_162
03/15/2018  09:53 AM    <DIR>          jdk-9.0.4
06/19/2018  03:56 PM    <DIR>          .
06/19/2018  03:56 PM    <DIR>          ..
06/19/2018  03:57 PM    <DIR>          jre-10.0.1
06/19/2018  03:58 PM    <DIR>          jdk-10.0.1
               0 File(s)              0 bytes
              12 Dir(s)  368,963,670,016 bytes free

c:\LocalApps>

C:\>echo %path%
C:\Program Files (x86)\Common Files\Oracle\Java\javapath;C:\Program Files (x86)\Intel\iCLS Client\;C:\LocalApps\Java\jdk1.8.0_172\bin;C:\LocalApps\grails-2.5.4\bin;c:\LocalApps\eclipse-jee-oxygen-3a-win32-x86_64\;C:\ProgramData\Oracle\Java\javapath;C:\Program Files\Intel\iCLS Client\;C:\Windows\system32;C:\Windows;C:\Windows\System32\Wbem;C:\Windows\System32\WindowsPowerShell\v1.0\;C:\Program Files (x86)\NVIDIA Corporation\PhysX\Common;C:\WINDOWS\system32;C:\WINDOWS;C:\WINDOWS\System32\Wbem;C:\WINDOWS\System32\WindowsPowerShell\v1.0\;C:\Program Files (x86)\Intel\Intel(R) Management Engine Components\DAL;C:\Program Files\Intel\Intel(R) Management Engine Components\DAL;C:\Program Files (x86)\Intel\Intel(R) Management Engine Components\IPT;C:\Program Files\Intel\Intel(R) Management Engine Components\IPT;C:\LocalApps\nodejs\;C:\Users\David Holberton\AppData\Local\Microsoft\WindowsApps;C:\Users\David Holberton\AppData\Roaming\npm

C:\>


C:\Program Files (x86)\Common Files\Oracle\Java>dir
 Volume in drive C has no label.
 Volume Serial Number is 4603-A8D3

 Directory of C:\Program Files (x86)\Common Files\Oracle\Java

06/19/2018  03:57 PM    <DIR>          .
06/19/2018  03:57 PM    <DIR>          ..
03/15/2018  09:42 AM                14 java.settings.cfg
06/19/2018  03:57 PM    <JUNCTION>     javapath [C:\Program Files (x86)\Common Files\Oracle\Java\javapath_target_3288354593]
06/19/2018  03:57 PM    <DIR>          javapath_target_3288354593
               1 File(s)             14 bytes
               4 Dir(s)  370,431,164,416 bytes free

C:\Program Files (x86)\Common Files\Oracle\Java>

javax.xml.bind.ValidationException

https://stackoverflow.com/questions/43574426/how-to-resolve-java-lang-noclassdeffounderror-javax-xml-bind-jaxbexception-in-j

https://stackoverflow.com/questions/43574426/how-to-resolve-java-lang-noclassdeffounderror-javax-xml-bind-jaxbexception-in-j

https://stackoverflow.com/questions/43574426/how-to-resolve-java-lang-noclassdeffounderror-javax-xml-bind-jaxbexception-in-j




2018-06-19 20:58:57,024 [localhost-startStop-1] ERROR context.GrailsContextLoaderListener  - Error initializing the application: Error creating bean with name 'transactionManagerPostProcessor': Initialization of bean failed; nested exception is org.springframework.beans.factory.BeanCreationException: Error creating bean with name 'transactionManager': Cannot resolve reference to bean 'sessionFactory' while setting bean property 'sessionFactory'; nested exception is org.springframework.beans.factory.BeanCreationException: Error creating bean with name 'sessionFactory': Invocation of init method failed; nested exception is org.hibernate.cfg.beanvalidation.IntegrationException: Error activating Bean Validation integration
org.springframework.beans.factory.BeanCreationException: Error creating bean with name 'transactionManagerPostProcessor': Initialization of bean failed; nested exception is org.springframework.beans.factory.BeanCreationException: Error creating bean with name 'transactionManager': Cannot resolve reference to bean 'sessionFactory' while setting bean property 'sessionFactory'; nested exception is org.springframework.beans.factory.BeanCreationException: Error creating bean with name 'sessionFactory': Invocation of init method failed; nested exception is org.hibernate.cfg.beanvalidation.IntegrationException: Error activating Bean Validation integration
        at java.base/java.util.concurrent.Executors$RunnableAdapter.call(Executors.java:514)
        at java.base/java.util.concurrent.FutureTask.run(FutureTask.java:264)
        at java.base/java.util.concurrent.ThreadPoolExecutor.runWorker(ThreadPoolExecutor.java:1135)
        at java.base/java.util.concurrent.ThreadPoolExecutor$Worker.run(ThreadPoolExecutor.java:635)
        at java.base/java.lang.Thread.run(Thread.java:844)
Caused by: org.springframework.beans.factory.BeanCreationException: Error creating bean with name 'transactionManager': Cannot resolve reference to bean 'sessionFactory' while setting bean property 'sessionFactory'; nested exception is org.springframework.beans.factory.BeanCreationException: Error creating bean with name 'sessionFactory': Invocation of init method failed; nested exception is org.hibernate.cfg.beanvalidation.IntegrationException: Error activating Bean Validation integration
        ... 5 more
Caused by: org.springframework.beans.factory.BeanCreationException: Error creating bean with name 'sessionFactory': Invocation of init method failed; nested exception is org.hibernate.cfg.beanvalidation.IntegrationException: Error activating Bean Validation integration
        ... 5 more
Caused by: org.hibernate.cfg.beanvalidation.IntegrationException: Error activating Bean Validation integration
        ... 5 more
Caused by: java.lang.NoClassDefFoundError: javax/xml/bind/ValidationException
        at javax.validation.Validation$GenericBootstrapImpl.configure(Validation.java:276)
        at javax.validation.Validation.buildDefaultValidatorFactory(Validation.java:110)
        at java.base/jdk.internal.reflect.NativeMethodAccessorImpl.invoke(NativeMethodAccessorImpl.java:62)
        at java.base/jdk.internal.reflect.DelegatingMethodAccessorImpl.invoke(DelegatingMethodAccessorImpl.java:43)
        ... 5 more
Caused by: java.lang.ClassNotFoundException: javax.xml.bind.ValidationException
        ... 9 more
2018-06-19 20:58:57,024 [localhost-startStop-1] ERROR context.GrailsContextLoaderListener  - Error initializing Grails: Error creating bean with name 'transactionManagerPostProcessor': Initialization of bean failed; nested exception is org.springframework.beans.factory.BeanCreationException: Error creating bean with name 'transactionManager': Cannot resolve reference to bean 'sessionFactory' while setting bean property 'sessionFactory'; nested exception is org.springframework.beans.factory.BeanCreationException: Error creating bean with name 'sessionFactory': Invocation of init method failed; nested exception is org.hibernate.cfg.beanvalidation.IntegrationException: Error activating Bean Validation integration
org.springframework.beans.factory.BeanCreationException: Error creating bean with name 'transactionManagerPostProcessor': Initialization of bean failed; nested exception is org.springframework.beans.factory.BeanCreationException: Error creating bean with name 'transactionManager': Cannot resolve reference to bean 'sessionFactory' while setting bean property 'sessionFactory'; nested exception is org.springframework.beans.factory.BeanCreationException: Error creating bean with name 'sessionFactory': Invocation of init method failed; nested exception is org.hibernate.cfg.beanvalidation.IntegrationException: Error activating Bean Validation integration
        at java.base/java.util.concurrent.Executors$RunnableAdapter.call(Executors.java:514)
        at java.base/java.util.concurrent.FutureTask.run(FutureTask.java:264)
        at java.base/java.util.concurrent.ThreadPoolExecutor.runWorker(ThreadPoolExecutor.java:1135)
        at java.base/java.util.concurrent.ThreadPoolExecutor$Worker.run(ThreadPoolExecutor.java:635)
        at java.base/java.lang.Thread.run(Thread.java:844)
Caused by: org.springframework.beans.factory.BeanCreationException: Error creating bean with name 'transactionManager': Cannot resolve reference to bean 'sessionFactory' while setting bean property 'sessionFactory'; nested exception is org.springframework.beans.factory.BeanCreationException: Error creating bean with name 'sessionFactory': Invocation of init method failed; nested exception is org.hibernate.cfg.beanvalidation.IntegrationException: Error activating Bean Validation integration
        ... 5 more
Caused by: org.springframework.beans.factory.BeanCreationException: Error creating bean with name 'sessionFactory': Invocation of init method failed; nested exception is org.hibernate.cfg.beanvalidation.IntegrationException: Error activating Bean Validation integration
        ... 5 more
Caused by: org.hibernate.cfg.beanvalidation.IntegrationException: Error activating Bean Validation integration
        ... 5 more
Caused by: java.lang.NoClassDefFoundError: javax/xml/bind/ValidationException
        at javax.validation.Validation$GenericBootstrapImpl.configure(Validation.java:276)
        at javax.validation.Validation.buildDefaultValidatorFactory(Validation.java:110)
        at java.base/jdk.internal.reflect.NativeMethodAccessorImpl.invoke(NativeMethodAccessorImpl.java:62)
        at java.base/jdk.internal.reflect.DelegatingMethodAccessorImpl.invoke(DelegatingMethodAccessorImpl.java:43)
        ... 5 more
Caused by: java.lang.ClassNotFoundException: javax.xml.bind.ValidationException
        ... 9 more
19-Jun-2018 20:58:57.040 SEVERE [localhost-startStop-1] org.apache.catalina.core.StandardContext.startInternal One or more listeners failed to start. Full details will be found in the appropriate container log file
19-Jun-2018 20:58:57.149 SEVERE [localhost-startStop-1] org.apache.catalina.core.StandardContext.startInternal Context [/my-254-8172-app-0.1] startup failed due to previous errors
19-Jun-2018 20:58:57.181 WARNING [localhost-startStop-1] org.apache.catalina.loader.WebappClassLoaderBase.clearReferencesJdbc The web application [my-254-8172-app-0.1] registered the JDBC driver [org.h2.Driver] but failed to unregister it when the web application was stopped. To prevent a memory leak, the JDBC Driver has been forcibly unregistered.
19-Jun-2018 20:58:57.181 WARNING [localhost-startStop-1] org.apache.catalina.loader.WebappClassLoaderBase.clearReferencesThreads The web application [my-254-8172-app-0.1] appears to have started a thread named [__DEFAULT__] but has failed to stop it. This is very likely to create a memory leak. Stack trace of thread:
 java.base@10.0.1/java.lang.Object.wait(Native Method)
 java.base@10.0.1/java.util.TimerThread.mainLoop(Timer.java:553)
 java.base@10.0.1/java.util.TimerThread.run(Timer.java:506)
19-Jun-2018 20:58:57.196 INFO [localhost-startStop-1] org.apache.catalina.startup.HostConfig.deployWAR Deployment of web application archive [C:\LocalApps\apache-tomcat-8.5.31\webapps\my-254-8172-app-0.1.war] has finished in [9,579] ms
19-Jun-2018 20:58:57.196 INFO [localhost-startStop-1] org.apache.catalina.startup.HostConfig.deployDirectory Deploying web application directory [C:\LocalApps\apache-tomcat-8.5.31\webapps\docs]
19-Jun-2018 20:58:57.243 INFO [localhost-startStop-1] org.apache.catalina.startup.HostConfig.deployDirectory Deployment of web application directory [C:\LocalApps\apache-tomcat-8.5.31\webapps\docs] has finished in [47] ms
19-Jun-2018 20:58:57.243 INFO [localhost-startStop-1] org.apache.catalina.startup.HostConfig.deployDirectory Deploying web application directory [C:\LocalApps\apache-tomcat-8.5.31\webapps\examples]
19-Jun-2018 20:58:57.477 INFO [localhost-startStop-1] org.apache.catalina.startup.HostConfig.deployDirectory Deployment of web application directory [C:\LocalApps\apache-tomcat-8.5.31\webapps\examples] has finished in [234] ms
19-Jun-2018 20:58:57.477 INFO [localhost-startStop-1] org.apache.catalina.startup.HostConfig.deployDirectory Deploying web application directory [C:\LocalApps\apache-tomcat-8.5.31\webapps\host-manager]
19-Jun-2018 20:58:57.509 INFO [localhost-startStop-1] org.apache.catalina.startup.HostConfig.deployDirectory Deployment of web application directory [C:\LocalApps\apache-tomcat-8.5.31\webapps\host-manager] has finished in [32] ms
19-Jun-2018 20:58:57.509 INFO [localhost-startStop-1] org.apache.catalina.startup.HostConfig.deployDirectory Deploying web application directory [C:\LocalApps\apache-tomcat-8.5.31\webapps\manager]
19-Jun-2018 20:58:57.571 INFO [localhost-startStop-1] org.apache.catalina.startup.HostConfig.deployDirectory Deployment of web application directory [C:\LocalApps\apache-tomcat-8.5.31\webapps\manager] has finished in [62] ms
19-Jun-2018 20:58:57.571 INFO [localhost-startStop-1] org.apache.catalina.startup.HostConfig.deployDirectory Deploying web application directory [C:\LocalApps\apache-tomcat-8.5.31\webapps\ROOT]
19-Jun-2018 20:58:57.602 INFO [localhost-startStop-1] org.apache.catalina.startup.HostConfig.deployDirectory Deployment of web application directory [C:\LocalApps\apache-tomcat-8.5.31\webapps\ROOT] has finished in [31] ms
19-Jun-2018 20:58:57.618 INFO [main] org.apache.coyote.AbstractProtocol.start Starting ProtocolHandler ["http-nio-8080"]
19-Jun-2018 20:58:57.634 INFO [main] org.apache.coyote.AbstractProtocol.start Starting ProtocolHandler ["ajp-nio-8009"]
19-Jun-2018 20:58:57.634 INFO [main] org.apache.catalina.startup.Catalina.start Server startup in 10136 ms





Microsoft Windows [Version 10.0.17134.81]
(c) 2018 Microsoft Corporation. All rights reserved.

C:\Users\David Holberton>cd Downloads

C:\Users\David Holberton\Downloads>date /t
Tue 06/19/2018

C:\Users\David Holberton\Downloads>time /t
09:11 PM

C:\Users\David Holberton\Downloads>dir /o:gd
 Volume in drive C has no label.
 Volume Serial Number is 4603-A8D3

 Directory of C:\Users\David Holberton\Downloads

08/15/2017  11:57 AM    <DIR>          nuc6
08/15/2017  01:11 PM    <DIR>          nuc4
11/05/2017  11:53 AM    <DIR>          ubuntu-16.04.3
11/05/2017  12:07 PM    <DIR>          ubuntu-17.10
01/24/2018  06:27 PM    <DIR>          raspbian
03/15/2018  08:41 AM    <DIR>          tmp
06/19/2018  07:07 PM    <DIR>          ..
06/19/2018  07:07 PM    <DIR>          .
06/08/2017  08:22 AM         1,130,328 ChromeSetup.exe
06/08/2017  08:26 AM           246,056 Firefox Setup Stub 53.0.3.exe
06/08/2017  08:35 AM       207,649,848 jdk-8u131-windows-x64.exe
06/08/2017  08:35 AM        56,436,260 jdk-8u131-windows-x64-demos.zip
06/08/2017  08:39 AM       230,883,184 netbeans-8.2-windows.exe
06/08/2017  08:40 AM       230,883,184 netbeans-8.2-windows (1).exe
06/08/2017  08:43 AM        47,791,424 eclipse-inst-win64.exe
06/08/2017  08:44 AM        47,791,424 eclipse-inst-win64 (1).exe
06/08/2017  08:47 AM       319,075,640 eclipse-jee-neon-3-win32-x86_64.zip
06/08/2017  08:51 AM       169,101,919 eclipse-java-neon-3-win32-x86_64.zip
06/08/2017  08:52 AM       169,101,919 eclipse-java-neon-3-win32-x86_64 (1).zip
06/08/2017  03:46 PM       533,543,241 groovy-grails-tool-suite-3.6.4.RELEASE-e4.4.2-win32-x86_64.zip
08/02/2017  06:21 AM       207,382,584 jdk-8u144-windows-x64.exe
08/02/2017  06:22 AM        56,436,124 jdk-8u144-windows-x64-demos.zip
08/02/2017  06:24 AM             8,409 jce_policy-8.zip
08/02/2017  06:29 AM       207,387,192 jdk-8u141-windows-x64.exe
08/02/2017  06:30 AM       207,649,848 jdk-8u131-windows-x64(1).exe
08/02/2017  06:31 AM       205,004,856 jdk-8u121-windows-x64.exe
08/02/2017  06:35 AM       204,607,032 jdk-8u112-windows-x64.exe
08/02/2017  06:37 AM       204,139,576 jdk-8u102-windows-x64.exe
08/02/2017  06:39 AM       146,893,216 jdk-7u80-windows-x64.exe
08/02/2017  06:40 AM       146,861,984 jdk-7u79-windows-x64.exe
08/07/2017  06:37 PM         9,992,463 apache-tomcat-8.5.16.zip
08/07/2017  06:37 PM         9,417,469 apache-tomcat-8.5.16.tar.gz
08/07/2017  06:38 PM        10,702,761 apache-tomcat-8.5.16-windows-x86.zip
08/07/2017  06:38 PM        11,041,498 apache-tomcat-8.5.16-windows-x64.zip
08/07/2017  06:38 PM         9,728,707 apache-tomcat-8.5.16.exe
08/07/2017  07:03 PM        19,439,616 mysql-installer-web-community-5.7.19.0.msi
08/07/2017  07:10 PM       397,152,256 mysql-installer-community-5.7.19.0.msi
08/07/2017  07:14 PM       321,078,662 mysql-5.7.19-win32.zip
08/07/2017  07:20 PM       333,942,828 mysql-5.7.19-winx64.zip
08/07/2017  07:25 PM       390,095,890 mysql-5.7.19-win32-debug-test.zip
08/07/2017  07:30 PM       399,261,754 mysql-5.7.19-winx64-debug-test.zip
08/07/2017  09:21 PM         3,462,610 mysql-connector-java-5.1.43.tar.gz
08/07/2017  09:21 PM         3,818,438 mysql-connector-java-5.1.43.zip
08/07/2017  09:25 PM        19,439,616 mysql-installer-web-community-5.7.19.0(1).msi
08/07/2017  09:26 PM        29,650,944 mysql-workbench-community-6.3.9-winx64.msi
08/07/2017  09:27 PM       397,152,256 mysql-installer-community-5.7.19.0(1).msi
08/07/2017  09:30 PM        19,439,616 mysql-installer-web-community-5.7.19.0(2).msi
08/07/2017  09:33 PM       397,152,256 mysql-installer-community-5.7.19.0(2).msi
08/07/2017  09:33 PM        29,650,944 mysql-workbench-community-6.3.9-winx64(1).msi
08/07/2017  09:34 PM        29,650,944 mysql-workbench-community-6.3.9-winx64(2).msi
08/07/2017  09:41 PM        99,878,208 grails-3.3.0.zip
08/07/2017  09:41 PM         9,429,188 grails-docs-3.3.0.zip
08/07/2017  09:42 PM       105,987,812 grails-3.2.11.zip
08/07/2017  09:43 PM       113,677,517 grails-3.1.16.zip
08/07/2017  09:44 PM       111,324,197 grails-3.0.17.zip
08/07/2017  09:45 PM       138,229,006 grails-2.5.6.zip
08/07/2017  09:46 PM       137,608,538 grails-2.5.5.zip
08/07/2017  09:48 PM       137,572,132 grails-2.5.4.zip
08/07/2017  09:48 PM       146,271,722 grails-2.4.5.zip
08/07/2017  09:50 PM       140,045,626 grails-2.4.4.zip
08/07/2017  09:50 PM        58,851,853 grails-2.1.1.zip
08/07/2017  11:05 PM       416,500,381 spring-tool-suite-3.9.0.RELEASE-e4.7.0-win32-x86_64.zip
08/12/2017  11:43 AM         7,127,352 Setup.X64.en-US_HomeStudentRetail_084abf04-0a2f-44c0-b7ea-35676b95e903_TX_PR_.exe
08/13/2017  01:42 PM        18,908,000 upd-pcl6-x64-6.4.1.22169.exe
08/13/2017  01:43 PM        20,186,136 upd-ps-usb-setup-x64-6.4.1.22169.exe
08/13/2017  02:05 PM         1,544,192 Dot4x64.msi
08/13/2017  09:41 PM       146,050,400 DLS8Setup.8.6.2.exe
08/15/2017  05:35 PM         9,988,680 SYSKLi35.86A.0061.EB.WINPE64.EXE
08/15/2017  05:35 PM        12,866,120 WYLPT10H.86A.0045.EB.WINPE64.EXE
10/09/2017  04:51 PM           183,185 2017-09-07-raspbian-stretch.img.info
10/09/2017  04:59 PM     1,757,290,390 2017-09-07-raspbian-stretch.zip
10/09/2017  04:59 PM                74 2017-09-07-raspbian-stretch.zip.sha1
10/09/2017  04:59 PM                98 2017-09-07-raspbian-stretch.zip.sha256
10/09/2017  05:00 PM               473 2017-09-07-raspbian-stretch.zip.sig
10/09/2017  05:14 PM         1,381,582 7z1604-x64.exe
10/09/2017  05:20 PM        41,365,728 Etcher-Setup-1.1.2-x64.exe
10/09/2017  05:21 PM        41,110,680 Etcher-Portable-1.1.2-x64.exe
10/09/2017  05:31 PM             7,849 stuff-20171009.txt
11/28/2017  11:20 PM       373,778,744 ideaIC-2017.2.6.exe
11/28/2017  11:21 PM                86 ideaIC-2017.2.6.exe.sha256
11/28/2017  11:28 PM       532,968,776 ideaIU-2017.2.6.exe
11/28/2017  11:28 PM                86 ideaIU-2017.2.6.exe.sha256
11/28/2017  11:34 PM       504,914,624 ideaIC-2017.2.6.win.zip
11/28/2017  11:35 PM                90 ideaIC-2017.2.6.win.zip.sha256
11/28/2017  11:43 PM       692,594,653 ideaIU-2017.2.6.win.zip
11/28/2017  11:45 PM                90 ideaIU-2017.2.6.win.zip.sha256
11/28/2017  11:48 PM       110,551,285 grails-3.3.1.zip
11/28/2017  11:49 PM        99,643,461 grails-3.3.2.zip
11/28/2017  11:49 PM         9,199,162 grails-docs-3.3.2.zip
11/28/2017  11:54 PM       419,744,048 spring-tool-suite-3.9.1.RELEASE-e4.7.1a-win32-x86_64.zip
11/28/2017  11:56 PM         9,398,893 spring-boot-cli-1.5.9.RELEASE-bin.zip
11/29/2017  12:00 AM        48,691,144 eclipse-inst-win64(1).exe
11/29/2017  12:03 AM       189,292,076 eclipse-java-oxygen-1a-win32-x86_64.zip
11/29/2017  12:05 AM               169 eclipse-java-oxygen-1a-win32-x86_64.zip.sha512
11/29/2017  12:12 AM       347,076,012 eclipse-jee-oxygen-1a-win32-x86_64.zip
11/29/2017  03:34 AM               168 eclipse-jee-oxygen-1a-win32-x86_64.zip.sha512
01/24/2018  06:45 PM        48,691,144 eclipse-inst-win64(2).exe
01/24/2018  06:47 PM               152 eclipse-inst-win64.sha256
01/24/2018  06:50 PM       347,560,900 eclipse-jee-oxygen-2-win32-x86_64.zip
01/24/2018  06:51 PM               167 eclipse-jee-oxygen-2-win32-x86_64.sha512
01/24/2018  06:53 PM       189,752,755 eclipse-java-oxygen-2-win32-x86_64.zip
01/24/2018  06:57 PM               168 eclipse-java-oxygen-2-win32-x86_64.sha512
01/24/2018  08:16 PM        12,363,463 progit.pdf
02/04/2018  02:57 PM        52,801,712 Etcher-Setup-1.3.1-x64.exe
03/15/2018  07:42 AM        99,638,426 grails-3.3.3.zip
03/15/2018  07:42 AM         9,297,460 grails-docs-3.3.3.zip
03/15/2018  08:00 AM       208,185,912 jdk-8u161-windows-i586.exe
03/15/2018  08:01 AM       216,544,312 jdk-8u161-windows-x64.exe
03/15/2018  08:03 AM       208,220,728 jdk-8u162-windows-i586.exe
03/15/2018  08:04 AM       216,804,920 jdk-8u162-windows-x64.exe
03/15/2018  08:05 AM        56,452,005 jdk-8u161-windows-i586-demos.zip
03/15/2018  08:05 AM        56,474,669 jdk-8u161-windows-x64-demos.zip
03/15/2018  08:06 AM        56,452,302 jdk-8u162-windows-i586-demos.zip
03/15/2018  08:06 AM        56,474,506 jdk-8u162-windows-x64-demos.zip
03/15/2018  08:07 AM             7,091 8u161checksum.html
03/15/2018  08:07 AM             6,555 8u162checksum.html
03/15/2018  08:27 AM       393,799,736 jdk-9.0.4_windows-x64_bin.exe
03/15/2018  08:27 AM             3,176 9-0-4checksum.html
03/15/2018  08:28 AM        52,503,681 serverjre-9.0.4_windows-x64_bin.tar.gz
03/15/2018  08:30 AM       101,317,184 jre-9.0.4_windows-x64_bin.exe
03/15/2018  08:31 AM        76,086,793 jre-9.0.4_windows-x64_bin.tar.gz
03/17/2018  10:07 AM        64,333,888 jre-8u161-windows-i586.exe
03/17/2018  10:09 AM        71,328,320 jre-8u161-windows-x64.exe
03/17/2018  10:13 AM        64,343,104 jre-8u162-windows-i586.exe
03/17/2018  10:18 AM        71,581,248 jre-8u162-windows-x64.exe
03/17/2018  11:03 AM     1,776,280,071 2018-03-13-raspbian-stretch.zip
05/12/2018  02:14 PM       556,563,008 ideaIU-2018.1.3.exe
05/12/2018  02:17 PM                86 ideaIU-2018.1.3.exe.sha256
05/12/2018  02:19 PM       458,354,216 ideaIC-2018.1.3.exe
05/12/2018  02:20 PM                86 ideaIC-2018.1.3.exe.sha256
05/12/2018  02:24 PM       729,833,707 ideaIU-2018.1.3.win.zip
05/12/2018  02:25 PM                90 ideaIU-2018.1.3.win.zip.sha256
05/12/2018  02:26 PM       605,208,068 ideaIC-2018.1.3.win.zip
05/12/2018  02:27 PM                90 ideaIC-2018.1.3.win.zip.sha256
05/12/2018  02:34 PM        16,662,528 node-v8.11.1-x64.msi
05/12/2018  02:35 PM        17,211,392 node-v10.1.0-x64.msi
05/12/2018  02:45 PM        73,135,891 VSCode-win32-x64-1.23.1.zip
05/12/2018  02:48 PM        45,394,704 VSCodeSetup-x64-1.23.1.exe
05/30/2018  06:05 AM        17,020,695 node-v8.11.2-win-x64.zip
05/30/2018  06:05 AM        16,375,378 node-v10.3.0-win-x64.zip
05/30/2018  06:07 AM             3,856 node-20180530-SHASUMS256.txt.asc
05/30/2018  06:11 AM       217,342,912 jdk-8u171-windows-x64.exe
05/30/2018  06:12 AM       217,370,560 jdk-8u172-windows-x64.exe
05/30/2018  06:13 AM        56,477,583 jdk-8u171-windows-x64-demos.zip
05/30/2018  06:13 AM        60,537,348 jdk-8u172-windows-x64-demos.zip
05/30/2018  06:14 AM             7,057 8u171checksum.html
05/30/2018  06:14 AM             6,524 8u172checksum.html
05/30/2018  06:20 AM        71,830,472 jre-8u171-windows-x64.exe
05/30/2018  06:20 AM        72,266,395 jre-8u171-windows-x64.tar.gz
05/30/2018  06:21 AM        71,867,336 jre-8u172-windows-x64.exe
05/30/2018  06:22 AM        72,284,055 jre-8u172-windows-x64.tar.gz
05/30/2018  06:26 AM       409,146,304 jdk-10.0.1_windows-x64_bin.exe
05/30/2018  06:27 AM             3,332 10-0-1checksum.html
05/30/2018  06:28 AM       105,424,840 jre-10.0.1_windows-x64_bin.exe
05/30/2018  06:29 AM        79,040,285 jre-10.0.1_windows-x64_bin.tar.gz
05/30/2018  06:33 AM        56,082,153 serverjre-10.0.1_windows-x64_bin.tar.gz
05/30/2018  06:36 AM        51,029,401 server-jre-8u171-windows-x64.tar.gz
05/30/2018  06:36 AM        51,044,071 server-jre-8u172-windows-x64.tar.gz
05/30/2018  06:42 AM        69,312,273 jdk-10.0.1_doc-all.zip
05/30/2018  06:44 AM        93,487,834 jdk-8u171-docs-all.zip
05/30/2018  06:44 AM        10,603,580 javafx-8u171-apidocs.zip
05/30/2018  06:45 AM        93,491,812 jdk-8u172-docs-all.zip
05/30/2018  06:45 AM        10,602,744 javafx-8u172-apidocs.zip
05/30/2018  06:56 AM        10,139,054 apache-tomcat-8.5.31.zip
05/30/2018  06:57 AM               188 apache-tomcat-8.5.31.zip.asc
05/30/2018  06:57 AM                66 apache-tomcat-8.5.31.zip.sha1
05/30/2018  06:57 AM               154 apache-tomcat-8.5.31.zip.sha512
05/30/2018  06:58 AM        11,202,116 apache-tomcat-8.5.31-windows-x64.zip
05/30/2018  06:58 AM               188 apache-tomcat-8.5.31-windows-x64.zip.asc
05/30/2018  06:59 AM                78 apache-tomcat-8.5.31-windows-x64.zip.sha1
05/30/2018  06:59 AM               166 apache-tomcat-8.5.31-windows-x64.zip.sha512
05/30/2018  06:59 AM         9,874,808 apache-tomcat-8.5.31.exe
05/30/2018  06:59 AM               188 apache-tomcat-8.5.31.exe.asc
05/30/2018  06:59 AM                66 apache-tomcat-8.5.31.exe.sha1
05/30/2018  06:59 AM               154 apache-tomcat-8.5.31.exe.sha512
05/30/2018  07:02 AM        10,405,183 apache-tomcat-9.0.8.zip
05/30/2018  07:02 AM               188 apache-tomcat-9.0.8.zip.asc
05/30/2018  07:02 AM                65 apache-tomcat-9.0.8.zip.sha1
05/30/2018  07:02 AM               153 apache-tomcat-9.0.8.zip.sha512
05/30/2018  07:02 AM        11,468,235 apache-tomcat-9.0.8-windows-x64.zip
05/30/2018  07:02 AM               188 apache-tomcat-9.0.8-windows-x64.zip.asc
05/30/2018  07:03 AM                77 apache-tomcat-9.0.8-windows-x64.zip.sha1
05/30/2018  07:03 AM               165 apache-tomcat-9.0.8-windows-x64.zip.sha512
05/30/2018  07:03 AM        10,188,376 apache-tomcat-9.0.8.exe
05/30/2018  07:03 AM               188 apache-tomcat-9.0.8.exe.asc
05/30/2018  07:03 AM                65 apache-tomcat-9.0.8.exe.sha1
05/30/2018  07:03 AM               153 apache-tomcat-9.0.8.exe.sha512
05/30/2018  07:17 AM     1,776,761,413 2018-04-18-raspbian-stretch.zip
05/30/2018  07:27 AM       366,646,269 2018-04-18-raspbian-stretch-lite.zip
05/30/2018  07:34 AM     1,827,722,638 NOOBS_v2_8_1.zip
05/30/2018  07:34 AM        34,849,252 NOOBS_lite_v2_8.zip
05/30/2018  07:35 AM           187,560 2018-04-18-raspbian-stretch.info
05/30/2018  07:36 AM                74 2018-04-18-raspbian-stretch.zip.sha1
05/30/2018  07:36 AM                98 2018-04-18-raspbian-stretch.zip.sha256
05/30/2018  07:36 AM               473 2018-04-18-raspbian-stretch.zip.sig
05/30/2018  07:36 AM            34,163 2018-04-18-raspbian-stretch.zip.torrent
05/30/2018  07:39 AM                64 2018-04-18-raspbian-stretch.zip.sha256.txt
05/30/2018  07:40 AM                64 2018-04-18-raspbian-stretch-lite.zip.sha256.txt
05/30/2018  07:42 AM                64 NOOBS_v2_8_1.zip.sha256.txt
05/30/2018  07:42 AM                64 NOOBS_lite_v2_8.zip.sha256.txt
06/19/2018  04:53 PM        99,634,776 grails-3.3.4.zip
06/19/2018  04:55 PM        86,114,514 grails-3.3.5.zip
06/19/2018  04:56 PM        99,720,815 grails-3.3.6.zip
06/19/2018  04:56 PM         9,305,080 grails-docs-3.3.6.zip
06/19/2018  05:05 PM         8,318,688 Sublime Text Build 3176 Setup.exe
06/19/2018  05:05 PM        10,020,957 Sublime Text Build 3176.zip
06/19/2018  05:05 PM         9,142,656 Sublime Text Build 3176 x64 Setup.exe
06/19/2018  05:06 PM        11,193,365 Sublime Text Build 3176 x64.zip
06/19/2018  05:13 PM       557,360,280 ideaIU-2018.1.5.exe
06/19/2018  05:14 PM                86 ideaIU-2018.1.5.exe.sha256
06/19/2018  05:21 PM       730,999,498 ideaIU-2018.1.5.win.zip
06/19/2018  05:22 PM                90 ideaIU-2018.1.5.win.zip.sha256
06/19/2018  05:27 PM       458,111,224 ideaIC-2018.1.5.exe
06/19/2018  05:27 PM                86 ideaIC-2018.1.5.exe.sha256
06/19/2018  05:32 PM       604,975,485 ideaIC-2018.1.5.win.zip
06/19/2018  05:33 PM                90 ideaIC-2018.1.5.win.zip.sha256
06/19/2018  05:55 PM       350,098,461 eclipse-jee-oxygen-3a-win32-x86_64.zip
06/19/2018  05:57 PM               168 eclipse-jee-oxygen-3a-win32-x86_64.sha512
06/19/2018  06:01 PM       191,686,417 eclipse-java-oxygen-3a-win32-x86_64.zip
06/19/2018  06:02 PM               169 eclipse-java-oxygen-3a-win32-x86_64.sha512
             212 File(s) 29,661,012,039 bytes
               8 Dir(s)  369,506,967,552 bytes free

C:\Users\David Holberton\Downloads>
C:\Users\David Holberton\Downloads>cd \LocalApps

C:\LocalApps>dir /o:gd
 Volume in drive C has no label.
 Volume Serial Number is 4603-A8D3

 Directory of C:\LocalApps

03/09/2015  09:46 PM    <DIR>          ggts-bundle
03/03/2016  10:17 AM    <DIR>          grails-2.5.4
03/14/2017  02:01 PM    <DIR>          eclipse-jee-neon-3-win32-x86_64
03/23/2017  08:49 AM    <DIR>          grails-2.5.6
06/08/2017  03:35 PM    <DIR>          glassfish-4.1.1
06/08/2017  03:36 PM    <DIR>          Apache_Tomcat_8.0.27
06/08/2017  03:37 PM    <DIR>          NetBeans_8.2
10/09/2017  05:38 PM    <DIR>          7-Zip
03/07/2018  08:32 PM    <DIR>          grails-3.3.3
04/27/2018  08:34 PM    <DIR>          apache-tomcat-9.0.8
04/27/2018  09:26 PM    <DIR>          apache-tomcat-8.5.31
05/12/2018  02:41 PM    <DIR>          nodejs
06/15/2018  06:19 PM    <DIR>          grails-3.3.6
06/19/2018  05:43 PM    <DIR>          ideaIU-2018.1.5.win
06/19/2018  05:44 PM    <DIR>          sublimetext3
06/19/2018  06:09 PM    <DIR>          ..
06/19/2018  06:09 PM    <DIR>          .
06/19/2018  06:24 PM    <DIR>          Java
06/19/2018  06:28 PM    <DIR>          eclipse-jee-oxygen-3a-win32-x86_64
06/19/2018  05:55 PM       350,098,461 eclipse-jee-oxygen-3a-win32-x86_64.zip
               1 File(s)    350,098,461 bytes
              19 Dir(s)  369,508,827,136 bytes free

C:\LocalApps>dir /o:gd Java
 Volume in drive C has no label.
 Volume Serial Number is 4603-A8D3

 Directory of C:\LocalApps\Java

03/15/2018  09:38 AM    <DIR>          jre1.8.0_144
03/15/2018  09:38 AM    <DIR>          jdk1.8.0_144
03/15/2018  09:42 AM    <DIR>          jre1.8.0_162
03/15/2018  09:47 AM    <DIR>          jre-9.0.4
03/15/2018  09:52 AM    <DIR>          jre1.8.0_131
03/15/2018  09:52 AM    <DIR>          jdk1.8.0_131
03/15/2018  09:53 AM    <DIR>          jdk1.8.0_162
03/15/2018  09:53 AM    <DIR>          jdk-9.0.4
06/19/2018  03:57 PM    <DIR>          jre-10.0.1
06/19/2018  03:58 PM    <DIR>          jdk-10.0.1
06/19/2018  06:24 PM    <DIR>          ..
06/19/2018  06:24 PM    <DIR>          .
06/19/2018  06:24 PM    <DIR>          jre1.8.0_172
06/19/2018  06:24 PM    <DIR>          jdk1.8.0_172
               0 File(s)              0 bytes
              14 Dir(s)  369,508,655,104 bytes free

C:\LocalApps>
C:\LocalApps>
